00:00.0 0600: 8086:1237
00:01.0 00ff: 1af4:1043 (rev 01)
00:02.0 0180: 1af4:1042 (rev 01)
00:03.0 00ff: 1af4:1044 (rev 01)
00:04.0 00ff: 1af4:1045 (rev 01)
00:05.0 0c03: 1b73:1400
00:06.0 ffff: 1b36:0011 (rev 01)
00:07.0 0604: 8086:3420
